/*
=============================================================================
NFSA Summary for input file <Scanner.lex>
=============================================================================
Total NFSA states = 1749
Number of Start Conditions = 1
Start condition INITIAL:
  number of patterns = 79, number of nfsa states = 450, accept states = 79
=============================================================================
GPLEX: NFSA built.   23 msec
=============================================================================
GPLEX: DFSA built.   80 msec
=============================================================================
GPLEX: DFSA minimized.   28 msec
=============================================================================
GPLEX: Shortest strings found.    4 msec
=============================================================================
DFSA Summary
=============================================================================
Number of dfsa instances = 1
Start condition INITIAL:
  number of dfsa states = 288, number of accept states = 261
=============================================================================
GPLEX: C# file emitted.   38 msec
=============================================================================
GPLEX Summary
=============================================================================
Total number of states = 267, total accept states = 249, backup states = 11
Original state number was 289, minimized machine has 267 states
Nextstate table compression was 74.90%, 17,159 entries Vs 68,352

Backup state report --- 
In <0>, after "" automaton could accept "[a-zA-Z0-9_]*" in state 1
--- after ''"'' automaton is in a non-accept state and might need to backup

In <0>, after "(" automaton could accept ""("" in state 7
--- after ''*'' automaton is in a non-accept state and might need to backup

In <0>, after "." automaton could accept ""."" in state 10
--- after ''.'' automaton is in a non-accept state and might need to backup

In <0>, after "SUPERTYPE" automaton could accept "[a-zA-Z0-9_]*" in state 69
--- after ''\x20'' automaton is in a non-accept state and might need to backup

In <0>, after "SUBTYPE" automaton could accept "[a-zA-Z0-9_]*" in state 74
--- after ''\x20'' automaton is in a non-accept state and might need to backup

In <0>, after "ENUMERATION" automaton could accept "[a-zA-Z0-9_]*" in state 170
--- after ''\x20'' automaton is in a non-accept state and might need to backup

In <0>, after "+." automaton could accept "[\-\+]?[0-9]*[\.][0-9]*" in state 239
--- after ''.'' automaton is in a non-accept state and might need to backup

In <0>, after "+0" automaton could accept "[\-\+]?[0-9]+" in state 246
--- after ''E'' automaton is in a non-accept state and might need to backup

In <0>, after "(**)" automaton could accept "(\(\*)(.*(\r\n)*)*(\*\))" in state 247
--- after ''\0'' automaton is in a non-accept state and might need to backup

In <0>, after "''" automaton could accept "[\']([\n]|[\000\011-\046\050-\176\201-\237\240-\377]|[\047][\047])*[\']" in state 248
--- after ''''' automaton is in a non-accept state and might need to backup

In <0>, after "\"\"" automaton could accept "[\"]([\n]|[\000\011-\046\050-\176\201-\237\240-\377]|[\047][\047])*[\"]" in state 249
--- after ''\0'' automaton is in a non-accept state and might need to backup

=============================================================================
 */
